[main 759ccb7] chore: close stage4 with owner-waived manual review
 20 files changed, 75068 insertions(+), 10 deletions(-)
 create mode 100644 docs/implementation/STAGE4_CLOSURE_STAGE5_EXECUTION.md
 create mode 100644 experiments/stage4/closure_source_snapshots/04_gspo.md
 create mode 100644 experiments/stage4/closure_source_snapshots/04_gspo_interview_story.md
 create mode 100644 experiments/stage4/closure_source_snapshots/manual_review_verifier.patch
 create mode 100644 experiments/stage4/closure_source_snapshots/owner_instruction.txt
 create mode 100644 experiments/stage4/closure_source_snapshots/verify_stage4_before_owner_waiver.py
 create mode 100644 experiments/stage4/deliverables.json
 create mode 100644 experiments/stage4/manual_review_waiver_v1.json
 create mode 100644 experiments/stage4/manual_review_waiver_verifier_change_v1.json
 create mode 100644 experiments/stage4/owner_closure_full_v1/launch.json
 create mode 100644 experiments/stage4/owner_closure_full_v1/stderr.log
 create mode 100644 experiments/stage4/owner_closure_full_v1/stdout.log
 create mode 100644 experiments/stage4/owner_closure_start_audit_v1.json
 create mode 100644 experiments/stage4/owner_waiver_tests_v1.xml
 create mode 100644 experiments/stage4/verification-final.json
 create mode 100644 tests/test_stage4_owner_waiver.py
{"event": "publication", "timestamp": "2026-09-14T20:32:47.971177+00:00", "head": "759ccb7abd30d5f906086cc2bb08ea628590e1c1", "result": "PASS", "detail": "To https://github.com/homulillew/Medical-Post-train.git\n   aa4792a..759ccb7  main -> main\n"}
{"event": "stage4_done", "timestamp": "2026-09-14T20:32:48.020449+00:00", "commit": "759ccb7abd30d5f906086cc2bb08ea628590e1c1", "full_verifier": "PASS", "human_reviews_completed": 0}
[main ac922b9] eval: prepare guarded objective evaluation execution
 20 files changed, 919 insertions(+)
 create mode 100644 experiments/stage5/execution_20260915_v1/context_precheck.json
 create mode 100644 experiments/stage5/execution_20260915_v1/events.jsonl
 create mode 100644 experiments/stage5/execution_20260915_v1/execution_tests_final.xml
 create mode 100644 experiments/stage5/execution_20260915_v1/execution_tests_final_v2.xml
 create mode 100644 experiments/stage5/execution_20260915_v1/execution_tests_runtime_binding.xml
 create mode 100644 experiments/stage5/execution_20260915_v1/execution_tests_source_adapter.xml
 create mode 100644 experiments/stage5/execution_20260915_v1/selection_context_precheck.json
 create mode 100644 experiments/stage5/execution_20260915_v1/selection_source_schema_audit_v1.json
 create mode 100644 experiments/stage5/execution_20260915_v1/source_manifest.json
 create mode 100644 experiments/stage5/execution_20260915_v1/stage4_closure_commit.json
 create mode 100644 experiments/stage5/execution_20260915_v1/status.json
 create mode 100644 experiments/stage5/execution_20260915_v1/supervisor.lock
 create mode 100644 experiments/stage5/execution_20260915_v1/supervisor.stderr.log
 create mode 100644 experiments/stage5/execution_20260915_v1/supervisor.stdout.log
 create mode 100644 experiments/stage5/execution_20260915_v1/supervisor_launch.json
 create mode 100644 experiments/stage5/execution_20260915_v1/tests_attempt_001.xml
 create mode 100644 scripts/execute_stage5_closure.py
 create mode 100644 scripts/stage5_objective_evidence.py
 create mode 100644 scripts/stage5_selection_source.py
 create mode 100644 tests/test_stage5_execution.py
{"event": "publication", "timestamp": "2026-09-14T20:32:58.425256+00:00", "head": "ac922b90343b9f2f800452f5df6db727a7bed2a5", "result": "PASS", "detail": "To https://github.com/homulillew/Medical-Post-train.git\n   759ccb7..ac922b9  main -> main\n"}
{"event": "process_completed", "timestamp": "2026-09-14T20:59:22.553805+00:00", "phase": "selection_vanilla_0512", "process_record": "/data/WSH/post-train/experiments/stage5/execution_20260915_v1/processes/selection_vanilla_0512_1789417978938403800"}
{"event": "process_completed", "timestamp": "2026-09-14T21:24:43.110105+00:00", "phase": "selection_vanilla_1024", "process_record": "/data/WSH/post-train/experiments/stage5/execution_20260915_v1/processes/selection_vanilla_1024_1789419562843559673"}
{"event": "process_completed", "timestamp": "2026-09-14T21:51:03.951807+00:00", "phase": "selection_vanilla_1536", "process_record": "/data/WSH/post-train/experiments/stage5/execution_20260915_v1/processes/selection_vanilla_1536_1789421083318480264"}
{"event": "process_completed", "timestamp": "2026-09-14T22:14:54.020882+00:00", "phase": "selection_vanilla_2048", "process_record": "/data/WSH/post-train/experiments/stage5/execution_20260915_v1/processes/selection_vanilla_2048_1789422664170682965"}
{"event": "process_completed", "timestamp": "2026-09-14T22:39:29.290232+00:00", "phase": "selection_vanilla_2560", "process_record": "/data/WSH/post-train/experiments/stage5/execution_20260915_v1/processes/selection_vanilla_2560_1789424094249151009"}
{"event": "process_completed", "timestamp": "2026-09-14T23:03:49.532028+00:00", "phase": "selection_vanilla_3072", "process_record": "/data/WSH/post-train/experiments/stage5/execution_20260915_v1/processes/selection_vanilla_3072_1789425569506619697"}
{"event": "process_completed", "timestamp": "2026-09-14T23:28:25.047842+00:00", "phase": "selection_vanilla_3584", "process_record": "/data/WSH/post-train/experiments/stage5/execution_20260915_v1/processes/selection_vanilla_3584_1789427029764504389"}
{"event": "process_completed", "timestamp": "2026-09-14T23:52:00.129268+00:00", "phase": "selection_vanilla_4096", "process_record": "/data/WSH/post-train/experiments/stage5/execution_20260915_v1/processes/selection_vanilla_4096_1789428505266324394"}
{"event": "process_completed", "timestamp": "2026-09-15T00:16:05.545016+00:00", "phase": "selection_vanilla_4608", "process_record": "/data/WSH/post-train/experiments/stage5/execution_20260915_v1/processes/selection_vanilla_4608_1789429920353075896"}
{"event": "process_completed", "timestamp": "2026-09-15T00:37:25.545320+00:00", "phase": "selection_vanilla_5000", "process_record": "/data/WSH/post-train/experiments/stage5/execution_20260915_v1/processes/selection_vanilla_5000_1789431365761901283"}
{"event": "process_completed", "timestamp": "2026-09-15T01:03:16.256551+00:00", "phase": "selection_dynamic_0512", "process_record": "/data/WSH/post-train/experiments/stage5/execution_20260915_v1/processes/selection_dynamic_0512_1789432645766022199"}
{"event": "process_completed", "timestamp": "2026-09-15T01:29:22.076311+00:00", "phase": "selection_dynamic_1024", "process_record": "/data/WSH/post-train/experiments/stage5/execution_20260915_v1/processes/selection_dynamic_1024_1789434196485080207"}
{"event": "process_completed", "timestamp": "2026-09-15T01:54:27.764243+00:00", "phase": "selection_dynamic_1536", "process_record": "/data/WSH/post-train/experiments/stage5/execution_20260915_v1/processes/selection_dynamic_1536_1789435762292748430"}
{"event": "process_completed", "timestamp": "2026-09-15T02:21:05.051529+00:00", "phase": "selection_dynamic_2048", "process_record": "/data/WSH/post-train/experiments/stage5/execution_20260915_v1/processes/selection_dynamic_2048_1789437267992829158"}
{"event": "process_completed", "timestamp": "2026-09-15T02:48:42.621919+00:00", "phase": "selection_dynamic_2560", "process_record": "/data/WSH/post-train/experiments/stage5/execution_20260915_v1/processes/selection_dynamic_2560_1789438964558162345"}
{"event": "process_completed", "timestamp": "2026-09-15T03:18:20.795630+00:00", "phase": "selection_dynamic_3072", "process_record": "/data/WSH/post-train/experiments/stage5/execution_20260915_v1/processes/selection_dynamic_3072_1789440720085645093"}
{"event": "process_completed", "timestamp": "2026-09-15T03:42:26.082729+00:00", "phase": "selection_dynamic_3584", "process_record": "/data/WSH/post-train/experiments/stage5/execution_20260915_v1/processes/selection_dynamic_3584_1789442301015391326"}
{"event": "process_completed", "timestamp": "2026-09-15T04:05:46.194263+00:00", "phase": "selection_dynamic_4096", "process_record": "/data/WSH/post-train/experiments/stage5/execution_20260915_v1/processes/selection_dynamic_4096_1789443746309920466"}
{"event": "process_completed", "timestamp": "2026-09-15T04:30:36.507603+00:00", "phase": "selection_dynamic_4608", "process_record": "/data/WSH/post-train/experiments/stage5/execution_20260915_v1/processes/selection_dynamic_4608_1789445146414586468"}
{"event": "process_completed", "timestamp": "2026-09-15T04:54:11.618097+00:00", "phase": "selection_dynamic_5000", "process_record": "/data/WSH/post-train/experiments/stage5/execution_20260915_v1/processes/selection_dynamic_5000_1789446636737912439"}
