{"start": 50331648, "end": 67108863, "status": "downloaded", "attempt": 1}
{"start": 33554432, "end": 50331647, "status": "downloaded", "attempt": 1}
{"start": 117440512, "end": 134217727, "status": "downloaded", "attempt": 1}
{"start": 16777216, "end": 33554431, "status": "downloaded", "attempt": 1}
{"start": 100663296, "end": 117440511, "status": "downloaded", "attempt": 1}
{"start": 150994944, "end": 167772159, "status": "downloaded", "attempt": 1}
{"start": 0, "end": 16777215, "status": "downloaded", "attempt": 1}
{"start": 134217728, "end": 150994943, "status": "downloaded", "attempt": 1}
{"start": 218103808, "end": 234881023, "status": "downloaded", "attempt": 1}
{"start": 83886080, "end": 100663295, "status": "downloaded", "attempt": 1}
{"start": 251658240, "end": 268435455, "status": "downloaded", "attempt": 1}
{"start": 234881024, "end": 251658239, "status": "downloaded", "attempt": 1}
{"start": 268435456, "end": 285212671, "status": "downloaded", "attempt": 1}
{"start": 167772160, "end": 184549375, "status": "downloaded", "attempt": 1}
{"start": 301989888, "end": 318767103, "status": "downloaded", "attempt": 1}
{"start": 201326592, "end": 218103807, "status": "downloaded", "attempt": 1}
{"start": 318767104, "end": 335544319, "status": "downloaded", "attempt": 1}
{"start": 335544320, "end": 352321535, "status": "downloaded", "attempt": 1}
{"start": 285212672, "end": 301989887, "status": "downloaded", "attempt": 1}
{"start": 369098752, "end": 385875967, "status": "downloaded", "attempt": 1}
{"start": 402653184, "end": 419430399, "status": "downloaded", "attempt": 1}
{"start": 419430400, "end": 436207615, "status": "downloaded", "attempt": 1}
{"start": 436207616, "end": 452984831, "status": "downloaded", "attempt": 1}
{"start": 385875968, "end": 402653183, "status": "downloaded", "attempt": 1}
{"start": 352321536, "end": 369098751, "status": "downloaded", "attempt": 1}
{"start": 452984832, "end": 469762047, "status": "downloaded", "attempt": 1}
{"start": 469762048, "end": 486539263, "status": "downloaded", "attempt": 1}
{"start": 486539264, "end": 503316479, "status": "downloaded", "attempt": 1}
{"start": 503316480, "end": 520093695, "status": "downloaded", "attempt": 1}
{"start": 520093696, "end": 536870911, "status": "downloaded", "attempt": 1}
{"start": 553648128, "end": 570425343, "status": "downloaded", "attempt": 1}
{"start": 536870912, "end": 553648127, "status": "downloaded", "attempt": 1}
{"start": 570425344, "end": 587202559, "status": "downloaded", "attempt": 1}
{"start": 603979776, "end": 620756991, "status": "downloaded", "attempt": 1}
{"start": 620756992, "end": 637534207, "status": "downloaded", "attempt": 1}
{"start": 587202560, "end": 603979775, "status": "downloaded", "attempt": 1}
{"start": 654311424, "end": 671088639, "status": "downloaded", "attempt": 1}
{"start": 671088640, "end": 687865855, "status": "downloaded", "attempt": 1}
{"start": 687865856, "end": 704643071, "status": "downloaded", "attempt": 1}
{"start": 738197504, "end": 754974719, "status": "downloaded", "attempt": 1}
{"start": 754974720, "end": 771751935, "status": "downloaded", "attempt": 1}
{"start": 704643072, "end": 721420287, "status": "downloaded", "attempt": 1}
{"start": 771751936, "end": 788529151, "status": "downloaded", "attempt": 1}
{"start": 637534208, "end": 654311423, "status": "downloaded", "attempt": 1}
{"start": 788529152, "end": 805306367, "status": "downloaded", "attempt": 1}
{"start": 838860800, "end": 855638015, "status": "downloaded", "attempt": 1}
{"start": 721420288, "end": 738197503, "status": "downloaded", "attempt": 1}
{"start": 855638016, "end": 872415231, "status": "downloaded", "attempt": 1}
{"start": 872415232, "end": 889192447, "status": "downloaded", "attempt": 1}
{"start": 805306368, "end": 822083583, "status": "downloaded", "attempt": 1}
{"start": 905969664, "end": 922746879, "status": "downloaded", "attempt": 1}
{"start": 889192448, "end": 905969663, "status": "downloaded", "attempt": 1}
{"start": 939524096, "end": 956301311, "status": "downloaded", "attempt": 1}
{"start": 956301312, "end": 973078527, "status": "downloaded", "attempt": 1}
{"start": 922746880, "end": 939524095, "status": "downloaded", "attempt": 1}
{"start": 822083584, "end": 838860799, "status": "downloaded", "attempt": 1}
{"start": 1006632960, "end": 1023410175, "status": "downloaded", "attempt": 1}
{"start": 973078528, "end": 989855743, "status": "downloaded", "attempt": 1}
{"start": 989855744, "end": 1006632959, "status": "downloaded", "attempt": 1}
{"start": 1023410176, "end": 1040187391, "status": "downloaded", "attempt": 1}
{"start": 1040187392, "end": 1056964607, "status": "downloaded", "attempt": 1}
{"start": 1056964608, "end": 1073741823, "status": "downloaded", "attempt": 1}
{"start": 1124073472, "end": 1140850687, "status": "downloaded", "attempt": 1}
{"start": 1073741824, "end": 1090519039, "status": "downloaded", "attempt": 1}
{"start": 1107296256, "end": 1124073471, "status": "downloaded", "attempt": 1}
{"start": 1140850688, "end": 1157627903, "status": "downloaded", "attempt": 1}
{"start": 1090519040, "end": 1107296255, "status": "downloaded", "attempt": 1}
{"start": 1157627904, "end": 1174405119, "status": "downloaded", "attempt": 1}
{"start": 1224736768, "end": 1241513983, "status": "downloaded", "attempt": 1}
{"start": 1241513984, "end": 1258291199, "status": "downloaded", "attempt": 1}
{"start": 1207959552, "end": 1224736767, "status": "downloaded", "attempt": 1}
{"start": 1258291200, "end": 1275068415, "status": "downloaded", "attempt": 1}
{"start": 1291845632, "end": 1308622847, "status": "downloaded", "attempt": 1}
{"start": 1308622848, "end": 1325400063, "status": "downloaded", "attempt": 1}
{"start": 184549376, "attempt": 1, "error": ""}
{"start": 1174405120, "end": 1191182335, "status": "downloaded", "attempt": 1}
{"start": 1191182336, "end": 1207959551, "status": "downloaded", "attempt": 1}
{"start": 1325400064, "end": 1342177279, "status": "downloaded", "attempt": 1}
{"start": 1275068416, "end": 1291845631, "status": "downloaded", "attempt": 1}
{"start": 1358954496, "end": 1375731711, "status": "downloaded", "attempt": 1}
{"start": 184549376, "end": 201326591, "status": "downloaded", "attempt": 2}
{"start": 1392508928, "end": 1409286143, "status": "downloaded", "attempt": 1}
{"start": 1342177280, "end": 1358954495, "status": "downloaded", "attempt": 1}
{"start": 1409286144, "end": 1426063359, "status": "downloaded", "attempt": 1}
{"start": 1375731712, "end": 1392508927, "status": "downloaded", "attempt": 1}
{"start": 1442840576, "end": 1459617791, "status": "downloaded", "attempt": 1}
{"start": 1426063360, "end": 1442840575, "status": "downloaded", "attempt": 1}
{"start": 1493172224, "end": 1509949439, "status": "downloaded", "attempt": 1}
{"start": 1476395008, "end": 1493172223, "status": "downloaded", "attempt": 1}
{"start": 1526726656, "end": 1543503871, "status": "downloaded", "attempt": 1}
{"start": 1543503872, "end": 1560281087, "status": "downloaded", "attempt": 1}
{"start": 1509949440, "end": 1526726655, "status": "downloaded", "attempt": 1}
{"start": 1577058304, "end": 1593835519, "status": "downloaded", "attempt": 1}
{"start": 1610612736, "end": 1627389951, "status": "downloaded", "attempt": 1}
{"start": 1644167168, "end": 1660944383, "status": "downloaded", "attempt": 1}
{"start": 1660944384, "end": 1677721599, "status": "downloaded", "attempt": 1}
{"start": 1560281088, "end": 1577058303, "status": "downloaded", "attempt": 1}
{"start": 1459617792, "end": 1476395007, "status": "downloaded", "attempt": 1}
{"start": 1593835520, "end": 1610612735, "status": "downloaded", "attempt": 1}
{"start": 1728053248, "end": 1744830463, "status": "downloaded", "attempt": 1}
{"start": 1744830464, "end": 1761607679, "status": "downloaded", "attempt": 1}
{"start": 1761607680, "end": 1778384895, "status": "downloaded", "attempt": 1}
{"start": 1677721600, "end": 1694498815, "status": "downloaded", "attempt": 1}
{"start": 1627389952, "end": 1644167167, "status": "downloaded", "attempt": 1}
{"start": 1795162112, "end": 1811939327, "status": "downloaded", "attempt": 1}
{"start": 1811939328, "end": 1828716543, "status": "downloaded", "attempt": 1}
{"start": 1694498816, "end": 1711276031, "status": "downloaded", "attempt": 1}
{"start": 1828716544, "end": 1845493759, "status": "downloaded", "attempt": 1}
{"start": 1845493760, "end": 1862270975, "status": "downloaded", "attempt": 1}
{"start": 1912602624, "end": 1929379839, "status": "downloaded", "attempt": 1}
{"start": 1895825408, "end": 1912602623, "status": "downloaded", "attempt": 1}
{"start": 1879048192, "end": 1895825407, "status": "downloaded", "attempt": 1}
{"start": 1862270976, "end": 1879048191, "status": "downloaded", "attempt": 1}
{"start": 1778384896, "end": 1795162111, "status": "downloaded", "attempt": 1}
{"start": 1962934272, "end": 1979711487, "status": "downloaded", "attempt": 1}
{"start": 1979711488, "end": 1996488703, "status": "downloaded", "attempt": 1}
{"start": 1946157056, "end": 1962934271, "status": "downloaded", "attempt": 1}
{"start": 1996488704, "end": 2013265919, "status": "downloaded", "attempt": 1}
{"start": 2013265920, "end": 2030043135, "status": "downloaded", "attempt": 1}
{"start": 1711276032, "end": 1728053247, "status": "downloaded", "attempt": 1}
{"start": 2063597568, "end": 2080374783, "status": "downloaded", "attempt": 1}
{"start": 2030043136, "end": 2046820351, "status": "downloaded", "attempt": 1}
{"start": 2046820352, "end": 2063597567, "status": "downloaded", "attempt": 1}
{"start": 2080374784, "end": 2097151999, "status": "downloaded", "attempt": 1}
{"start": 2097152000, "end": 2113929215, "status": "downloaded", "attempt": 1}
{"start": 2130706432, "end": 2147483647, "status": "downloaded", "attempt": 1}
{"start": 2147483648, "end": 2164260863, "status": "downloaded", "attempt": 1}
{"start": 2164260864, "end": 2181038079, "status": "downloaded", "attempt": 1}
{"start": 2231369728, "end": 2248146943, "status": "downloaded", "attempt": 1}
{"start": 2181038080, "end": 2197815295, "status": "downloaded", "attempt": 1}
{"start": 2113929216, "end": 2130706431, "status": "downloaded", "attempt": 1}
{"start": 2264924160, "end": 2281701375, "status": "downloaded", "attempt": 1}
{"start": 2315255808, "end": 2332033023, "status": "downloaded", "attempt": 1}
{"start": 2248146944, "end": 2264924159, "status": "downloaded", "attempt": 1}
{"start": 2214592512, "end": 2231369727, "status": "downloaded", "attempt": 1}
{"start": 1929379840, "end": 1946157055, "status": "downloaded", "attempt": 1}
{"start": 2298478592, "end": 2315255807, "status": "downloaded", "attempt": 1}
{"start": 2197815296, "end": 2214592511, "status": "downloaded", "attempt": 1}
{"start": 2382364672, "end": 2399141887, "status": "downloaded", "attempt": 1}
{"start": 2281701376, "end": 2298478591, "status": "downloaded", "attempt": 1}
{"start": 2332033024, "end": 2348810239, "status": "downloaded", "attempt": 1}
{"start": 2399141888, "end": 2415919103, "status": "downloaded", "attempt": 1}
{"start": 2415919104, "end": 2432696319, "status": "downloaded", "attempt": 1}
{"start": 2449473536, "end": 2466250751, "status": "downloaded", "attempt": 1}
{"start": 2499805184, "end": 2516582399, "status": "downloaded", "attempt": 1}
{"start": 2466250752, "end": 2483027967, "status": "downloaded", "attempt": 1}
{"start": 2432696320, "end": 2449473535, "status": "downloaded", "attempt": 1}
{"start": 2516582400, "end": 2533359615, "status": "downloaded", "attempt": 1}
{"start": 67108864, "attempt": 1, "error": "The read operation timed out"}
{"start": 2348810240, "end": 2365587455, "status": "downloaded", "attempt": 1}
{"start": 2365587456, "end": 2382364671, "status": "downloaded", "attempt": 1}
{"start": 2583691264, "end": 2600468479, "status": "downloaded", "attempt": 1}
{"start": 2550136832, "end": 2566914047, "status": "downloaded", "attempt": 1}
{"start": 2533359616, "end": 2550136831, "status": "downloaded", "attempt": 1}
{"start": 2617245696, "end": 2634022911, "status": "downloaded", "attempt": 1}
{"start": 2600468480, "end": 2617245695, "status": "downloaded", "attempt": 1}
{"start": 2566914048, "end": 2583691263, "status": "downloaded", "attempt": 1}
{"start": 2650800128, "end": 2667577343, "status": "downloaded", "attempt": 1}
{"start": 2684354560, "end": 2701131775, "status": "downloaded", "attempt": 1}
{"start": 2634022912, "end": 2650800127, "status": "downloaded", "attempt": 1}
{"start": 67108864, "end": 83886079, "status": "downloaded", "attempt": 2}
{"start": 2667577344, "end": 2684354559, "status": "downloaded", "attempt": 1}
{"start": 2717908992, "end": 2734686207, "status": "downloaded", "attempt": 1}
{"start": 2751463424, "end": 2768240639, "status": "downloaded", "attempt": 1}
{"start": 2768240640, "end": 2785017855, "status": "downloaded", "attempt": 1}
{"start": 2734686208, "end": 2751463423, "status": "downloaded", "attempt": 1}
{"start": 2801795072, "end": 2818572287, "status": "downloaded", "attempt": 1}
{"start": 2483027968, "end": 2499805183, "status": "downloaded", "attempt": 1}
{"start": 2852126720, "end": 2868903935, "status": "downloaded", "attempt": 1}
{"start": 2868903936, "end": 2885681151, "status": "downloaded", "attempt": 1}
{"start": 2835349504, "end": 2852126719, "status": "downloaded", "attempt": 1}
{"start": 2701131776, "end": 2717908991, "status": "downloaded", "attempt": 1}
{"start": 2885681152, "end": 2902458367, "status": "downloaded", "attempt": 1}
{"start": 2818572288, "end": 2835349503, "status": "downloaded", "attempt": 1}
{"start": 2919235584, "end": 2936012799, "status": "downloaded", "attempt": 1}
{"start": 2952790016, "end": 2969567231, "status": "downloaded", "attempt": 1}
{"start": 2986344448, "end": 3003121663, "status": "downloaded", "attempt": 1}
{"start": 2902458368, "end": 2919235583, "status": "downloaded", "attempt": 1}
{"start": 2969567232, "end": 2986344447, "status": "downloaded", "attempt": 1}
{"start": 3003121664, "end": 3019898879, "status": "downloaded", "attempt": 1}
{"start": 3036676096, "end": 3053453311, "status": "downloaded", "attempt": 1}
{"start": 2936012800, "end": 2952790015, "status": "downloaded", "attempt": 1}
{"start": 3087007744, "end": 3103784959, "status": "downloaded", "attempt": 1}
{"start": 2785017856, "end": 2801795071, "status": "downloaded", "attempt": 1}
{"start": 3070230528, "end": 3087007743, "status": "downloaded", "attempt": 1}
{"start": 3103784960, "end": 3120562175, "status": "downloaded", "attempt": 1}
{"start": 3120562176, "end": 3137339391, "status": "downloaded", "attempt": 1}
{"start": 3053453312, "end": 3070230527, "status": "downloaded", "attempt": 1}
{"start": 3154116608, "end": 3170893823, "status": "downloaded", "attempt": 1}
{"start": 3137339392, "end": 3154116607, "status": "downloaded", "attempt": 1}
{"start": 3170893824, "end": 3187671039, "status": "downloaded", "attempt": 1}
{"start": 3019898880, "end": 3036676095, "status": "downloaded", "attempt": 1}
{"start": 3254779904, "end": 3271557119, "status": "downloaded", "attempt": 1}
{"start": 3187671040, "end": 3204448255, "status": "downloaded", "attempt": 1}
{"start": 3221225472, "end": 3238002687, "status": "downloaded", "attempt": 1}
{"start": 3288334336, "end": 3305111551, "status": "downloaded", "attempt": 1}
{"start": 3238002688, "end": 3254779903, "status": "downloaded", "attempt": 1}
{"start": 3271557120, "end": 3288334335, "status": "downloaded", "attempt": 1}
{"start": 3305111552, "end": 3321888767, "status": "downloaded", "attempt": 1}
{"start": 3321888768, "end": 3338665983, "status": "downloaded", "attempt": 1}
{"start": 3338665984, "end": 3355443199, "status": "downloaded", "attempt": 1}
{"start": 3204448256, "end": 3221225471, "status": "downloaded", "attempt": 1}
{"start": 3372220416, "end": 3388997631, "status": "downloaded", "attempt": 1}
{"start": 3422552064, "end": 3439329279, "status": "downloaded", "attempt": 1}
{"start": 3405774848, "end": 3422552063, "status": "downloaded", "attempt": 1}
{"start": 3388997632, "end": 3405774847, "status": "downloaded", "attempt": 1}
{"start": 3355443200, "end": 3372220415, "status": "downloaded", "attempt": 1}
{"start": 3456106496, "end": 3472883711, "status": "downloaded", "attempt": 1}
{"start": 3506438144, "end": 3523215359, "status": "downloaded", "attempt": 1}
{"start": 3439329280, "end": 3456106495, "status": "downloaded", "attempt": 1}
{"start": 3556769792, "end": 3573547007, "status": "downloaded", "attempt": 1}
{"start": 3590324224, "end": 3607101439, "status": "downloaded", "attempt": 1}
{"start": 3523215360, "end": 3539992575, "status": "downloaded", "attempt": 1}
{"start": 3489660928, "end": 3506438143, "status": "downloaded", "attempt": 1}
{"start": 3472883712, "end": 3489660927, "status": "downloaded", "attempt": 1}
{"start": 3607101440, "end": 3623878655, "status": "downloaded", "attempt": 1}
{"start": 3674210304, "end": 3690987519, "status": "downloaded", "attempt": 1}
{"start": 3657433088, "end": 3674210303, "status": "downloaded", "attempt": 1}
{"start": 3707764736, "end": 3724541951, "status": "downloaded", "attempt": 1}
{"start": 3623878656, "end": 3640655871, "status": "downloaded", "attempt": 1}
{"start": 3741319168, "end": 3758096383, "status": "downloaded", "attempt": 1}
{"start": 3690987520, "end": 3707764735, "status": "downloaded", "attempt": 1}
{"start": 3724541952, "end": 3741319167, "status": "downloaded", "attempt": 1}
{"start": 3791650816, "end": 3808428031, "status": "downloaded", "attempt": 1}
{"start": 3758096384, "end": 3774873599, "status": "downloaded", "attempt": 1}
{"start": 3573547008, "end": 3590324223, "status": "downloaded", "attempt": 1}
{"start": 3808428032, "end": 3825205247, "status": "downloaded", "attempt": 1}
{"start": 3825205248, "end": 3841982463, "status": "downloaded", "attempt": 1}
{"start": 3774873600, "end": 3791650815, "status": "downloaded", "attempt": 1}
{"start": 3875536896, "end": 3892314111, "status": "downloaded", "attempt": 1}
{"start": 3925868544, "end": 3942645759, "status": "downloaded", "attempt": 1}
{"start": 3892314112, "end": 3909091327, "status": "downloaded", "attempt": 1}
{"start": 3909091328, "end": 3925868543, "status": "downloaded", "attempt": 1}
{"start": 3992977408, "end": 3993160031, "status": "downloaded", "attempt": 1}
{"start": 3841982464, "end": 3858759679, "status": "downloaded", "attempt": 1}
{"start": 3858759680, "end": 3875536895, "status": "downloaded", "attempt": 1}
{"start": 3976200192, "end": 3992977407, "status": "downloaded", "attempt": 1}
{"start": 3640655872, "end": 3657433087, "status": "downloaded", "attempt": 1}
{"start": 3942645760, "end": 3959422975, "status": "downloaded", "attempt": 1}
{"start": 3959422976, "end": 3976200191, "status": "downloaded", "attempt": 1}
{"start": 3539992576, "attempt": 1, "error": ""}
{"start": 3539992576, "end": 3556769791, "status": "downloaded", "attempt": 2}
Traceback (most recent call last):
  File "/data/WSH/post-train/scripts/download_qwen_shard.py", line 48, in <module>
    if __name__=='__main__':main()
                            ^^^^^^
  File "/data/WSH/post-train/scripts/download_qwen_shard.py", line 44, in main
    assert not (ROOT/NAME).exists()
           ^^^^^^^^^^^^^^^^^^^^^^^^
AssertionError
